// Jest Snapshot v1, https://goo.gl/fbAQLP

exports[`Home should render correctly 1`] = `
<DocumentFragment>
  <div
    class="flex flex-row gap-4 text-2xl bg-white color-black"
  >
    <nav
      class="bg-white h-screen absolute md:relative p-4 w-[240px] left-[-200px] md:left-0"
    >
      <div
        class="absolute top-4 right-4 md:hidden"
        role="button"
      >
        Ⅲ
      </div>
      <ul>
        <li>
          <a
            href="/"
          >
            Utils Hub
          </a>
        </li>
        <li>
          <a
            href="/utils/list"
          >
            Lists
          </a>
        </li>
      </ul>
    </nav>
    <div
      class="p-4 space-y-4 w-full"
    >
      <h1
        class="text-5xl text-success-2 font-bold "
      >
        UtilsHub
      </h1>
      <p>
        Welcome to UtilsHub, your premier online destination for a vast array of digital utilities designed to enhance efficiency and streamline your workflow.
      </p>
      <p>
        The platform is constantly evolving, with new utilities added regularly to meet the ever-changing demands of our users. We are committed to excellence, offering reliable and accurate tools that you can count on.
      </p>
      <p>
        For now we only have a few 
        <a
          class="text-highlight-1 hover:text-highlight-2 active:text-highlight-3 "
          href="/utils/list"
        >
          list utilities
        </a>
        .
      </p>
    </div>
    <div
      class="w-[280px] hidden md:block"
    />
  </div>
</DocumentFragment>
`;
