// Jest Snapshot v1, https://goo.gl/fbAQLP

exports[`ScreenWithSideNavigation should render ScreenWithSideNavigation 1`] = `
<DocumentFragment>
  <div
    class="flex flex-row gap-4 text-2xl color-black"
  >
    <div
      class="fixed inset-0 transition-[opacity] bg-black pointer-events-none opacity-0"
    />
    <nav
      class="bg-white fixed z-10 p-4 transition-[top] overflow-auto pb-32 w-full h-full top-full md:h-screen md:relative md:left-0 md:w-[240px]"
    >
      <ul>
        <li
          class="font-bold"
        >
          <a
            href="/"
          >
            UtilityHub
          </a>
        </li>
        <li>
          <a
            class=""
            href="/utils/list"
          >
            Lists
          </a>
        </li>
        <li>
          <a
            class=""
            href="/utils/text"
          >
            Text
          </a>
        </li>
        <li>
          <a
            class=""
            href="/utils/units"
          >
            Units
          </a>
        </li>
        <li>
          <a
            class=""
            href="/utils/fractions"
          >
            Fractions
          </a>
        </li>
        <li>
          <a
            class=""
            href="/utils/date"
          >
            Dates
          </a>
        </li>
        <li>
          <a
            class=""
            href="/utils/encoding"
          >
            Encoding
          </a>
        </li>
        <li>
          <a
            class=""
            href="/utils/percentages"
          >
            Percentages 
          </a>
        </li>
      </ul>
    </nav>
    <div
      class="flex fixed right-0 bottom-0 z-20 justify-end p-4 w-full bg-white  md:hidden  border shadow-2xl border-top-1"
      role="button"
    >
      <svg
        aria-label="open navigation"
        fill="none"
        height="1em"
        stroke="currentColor"
        stroke-linecap="round"
        stroke-linejoin="round"
        stroke-width="2"
        viewBox="0 0 24 24"
        width="1em"
        xmlns="http://www.w3.org/2000/svg"
      >
        <line
          x1="3"
          x2="21"
          y1="12"
          y2="12"
        />
        <line
          x1="3"
          x2="21"
          y1="6"
          y2="6"
        />
        <line
          x1="3"
          x2="21"
          y1="18"
          y2="18"
        />
      </svg>
    </div>
    <div
      class="p-4 space-y-4 w-full"
    />
    <div
      class="w-[280px] hidden md:block"
    />
  </div>
</DocumentFragment>
`;
